// Validating benchmarks:
// ***** BenchmarkRunner: Start   *****
// ***** Found 6 benchmark(s) in total *****
// ***** Building 1 exe(s) in Parallel: Start   *****
// start dotnet  restore --nodeReuse:false /p:UseSharedCompilation=false /p:Deterministic=true /p:Optimize=true /p:ArtifactsPath="/app/PerfBenchmark/bin/Release/net10.0/PerfBenchmark-DefaultJob-1/" /p:OutDir="/app/PerfBenchmark/bin/Release/net10.0/PerfBenchmark-DefaultJob-1/bin/Release/net10.0/" /p:OutputPath="/app/PerfBenchmark/bin/Release/net10.0/PerfBenchmark-DefaultJob-1/bin/Release/net10.0/" /p:PublishDir="/app/PerfBenchmark/bin/Release/net10.0/PerfBenchmark-DefaultJob-1/publish/" in /app/PerfBenchmark/bin/Release/net10.0/PerfBenchmark-DefaultJob-1
// command took 3.11 sec and exited with 0
// start dotnet  build -c Release --no-restore --nodeReuse:false /p:UseSharedCompilation=false /p:Deterministic=true /p:Optimize=true /p:ArtifactsPath="/app/PerfBenchmark/bin/Release/net10.0/PerfBenchmark-DefaultJob-1/" /p:OutDir="/app/PerfBenchmark/bin/Release/net10.0/PerfBenchmark-DefaultJob-1/bin/Release/net10.0/" /p:OutputPath="/app/PerfBenchmark/bin/Release/net10.0/PerfBenchmark-DefaultJob-1/bin/Release/net10.0/" /p:PublishDir="/app/PerfBenchmark/bin/Release/net10.0/PerfBenchmark-DefaultJob-1/publish/" --output "/app/PerfBenchmark/bin/Release/net10.0/PerfBenchmark-DefaultJob-1/bin/Release/net10.0/" in /app/PerfBenchmark/bin/Release/net10.0/PerfBenchmark-DefaultJob-1
// command took 11.6 sec and exited with 0
// ***** Done, took 00:00:14 (14.86 sec)   *****
// Found 6 benchmarks:
//   EnumerableBenchmark.AnyThenToList: DefaultJob [Size=1]
//   EnumerableBenchmark.ToListThenCount: DefaultJob [Size=1]
//   EnumerableBenchmark.AnyThenToList: DefaultJob [Size=10]
//   EnumerableBenchmark.ToListThenCount: DefaultJob [Size=10]
//   EnumerableBenchmark.AnyThenToList: DefaultJob [Size=100]
//   EnumerableBenchmark.ToListThenCount: DefaultJob [Size=100]

// **************************
// Benchmark: EnumerableBenchmark.AnyThenToList: DefaultJob [Size=1]
// *** Execute ***
// Launch: 1 / 1
// Execute: dotnet PerfBenchmark-DefaultJob-1.dll --anonymousPipes 121 122 --benchmarkName "EnumerableBenchmark.AnyThenToList(Size: 1)" --job Default --benchmarkId 0 in /app/PerfBenchmark/bin/Release/net10.0/PerfBenchmark-DefaultJob-1/bin/Release/net10.0
// Failed to set up high priority (Permission denied). In order to run benchmarks with high priority, make sure you have the right permissions.
// BeforeAnythingElse

// Benchmark Process Environment Information:
// BenchmarkDotNet v0.15.8
// Runtime=.NET 10.0.3 (10.0.3, 10.0.326.7603), X64 RyuJIT x86-64-v3
// GC=Concurrent Workstation
// HardwareIntrinsics=AVX2+BMI1+BMI2+F16C+FMA+LZCNT+MOVBE,AVX,SSE3+SSSE3+SSE4.1+SSE4.2+POPCNT,X86Base+SSE+SSE2,AES+PCLMUL VectorSize=256
// Job: DefaultJob

OverheadJitting  1: 1 op, 339581.00 ns, 339.5810 us/op
WorkloadJitting  1: 1 op, 1613156.00 ns, 1.6132 ms/op

OverheadJitting  2: 16 op, 977892.00 ns, 61.1183 us/op
WorkloadJitting  2: 16 op, 1017278.00 ns, 63.5799 us/op

WorkloadPilot    1: 16 op, 8924.00 ns, 557.7500 ns/op
WorkloadPilot    2: 32 op, 10338.00 ns, 323.0625 ns/op
WorkloadPilot    3: 64 op, 69956.00 ns, 1.0931 us/op
WorkloadPilot    4: 128 op, 50766.00 ns, 396.6094 ns/op
WorkloadPilot    5: 256 op, 66872.00 ns, 261.2188 ns/op
WorkloadPilot    6: 512 op, 111868.00 ns, 218.4922 ns/op
WorkloadPilot    7: 1024 op, 241104.00 ns, 235.4531 ns/op
WorkloadPilot    8: 2048 op, 460977.00 ns, 225.0864 ns/op
WorkloadPilot    9: 4096 op, 1145897.00 ns, 279.7600 ns/op
WorkloadPilot   10: 8192 op, 1926089.00 ns, 235.1183 ns/op
WorkloadPilot   11: 16384 op, 3768415.00 ns, 230.0058 ns/op
WorkloadPilot   12: 32768 op, 7232278.00 ns, 220.7116 ns/op
WorkloadPilot   13: 65536 op, 14451453.00 ns, 220.5117 ns/op
WorkloadPilot   14: 131072 op, 28447391.00 ns, 217.0364 ns/op
WorkloadPilot   15: 262144 op, 54691918.00 ns, 208.6331 ns/op
WorkloadPilot   16: 524288 op, 37284666.00 ns, 71.1149 ns/op
WorkloadPilot   17: 1048576 op, 65057719.00 ns, 62.0439 ns/op
WorkloadPilot   18: 2097152 op, 140642740.00 ns, 67.0637 ns/op
WorkloadPilot   19: 4194304 op, 267939414.00 ns, 63.8817 ns/op
WorkloadPilot   20: 8388608 op, 543404856.00 ns, 64.7789 ns/op

OverheadWarmup   1: 8388608 op, 54505511.00 ns, 6.4976 ns/op
OverheadWarmup   2: 8388608 op, 60394802.00 ns, 7.1996 ns/op
OverheadWarmup   3: 8388608 op, 54518348.00 ns, 6.4991 ns/op
OverheadWarmup   4: 8388608 op, 47315561.00 ns, 5.6405 ns/op
OverheadWarmup   5: 8388608 op, 39963111.00 ns, 4.7640 ns/op
OverheadWarmup   6: 8388608 op, 46086062.00 ns, 5.4939 ns/op
OverheadWarmup   7: 8388608 op, 40068237.00 ns, 4.7765 ns/op

OverheadActual   1: 8388608 op, 39988403.00 ns, 4.7670 ns/op
OverheadActual   2: 8388608 op, 40056825.00 ns, 4.7751 ns/op
OverheadActual   3: 8388608 op, 45804426.00 ns, 5.4603 ns/op
OverheadActual   4: 8388608 op, 50381005.00 ns, 6.0059 ns/op
OverheadActual   5: 8388608 op, 45833619.00 ns, 5.4638 ns/op
OverheadActual   6: 8388608 op, 40230738.00 ns, 4.7959 ns/op
OverheadActual   7: 8388608 op, 45575073.00 ns, 5.4330 ns/op
OverheadActual   8: 8388608 op, 40771465.00 ns, 4.8603 ns/op
OverheadActual   9: 8388608 op, 40297435.00 ns, 4.8038 ns/op
OverheadActual  10: 8388608 op, 40417489.00 ns, 4.8181 ns/op
OverheadActual  11: 8388608 op, 40225852.00 ns, 4.7953 ns/op
OverheadActual  12: 8388608 op, 46146695.00 ns, 5.5011 ns/op
OverheadActual  13: 8388608 op, 40293813.00 ns, 4.8034 ns/op
OverheadActual  14: 8388608 op, 40139158.00 ns, 4.7850 ns/op
OverheadActual  15: 8388608 op, 40121887.00 ns, 4.7829 ns/op
OverheadActual  16: 8388608 op, 42480975.00 ns, 5.0641 ns/op
OverheadActual  17: 8388608 op, 41934036.00 ns, 4.9989 ns/op
OverheadActual  18: 8388608 op, 39967850.00 ns, 4.7645 ns/op
OverheadActual  19: 8388608 op, 40037144.00 ns, 4.7728 ns/op
OverheadActual  20: 8388608 op, 59067406.00 ns, 7.0414 ns/op

WorkloadWarmup   1: 8388608 op, 570180879.00 ns, 67.9709 ns/op
WorkloadWarmup   2: 8388608 op, 536353241.00 ns, 63.9383 ns/op
WorkloadWarmup   3: 8388608 op, 526627849.00 ns, 62.7789 ns/op
WorkloadWarmup   4: 8388608 op, 524177638.00 ns, 62.4868 ns/op
WorkloadWarmup   5: 8388608 op, 526565643.00 ns, 62.7715 ns/op
WorkloadWarmup   6: 8388608 op, 523605499.00 ns, 62.4186 ns/op
WorkloadWarmup   7: 8388608 op, 528914662.00 ns, 63.0515 ns/op
WorkloadWarmup   8: 8388608 op, 525919139.00 ns, 62.6944 ns/op

// BeforeActualRun
WorkloadActual   1: 8388608 op, 530866466.00 ns, 63.2842 ns/op
WorkloadActual   2: 8388608 op, 520774261.00 ns, 62.0811 ns/op
WorkloadActual   3: 8388608 op, 525021753.00 ns, 62.5875 ns/op
WorkloadActual   4: 8388608 op, 523656064.00 ns, 62.4247 ns/op
WorkloadActual   5: 8388608 op, 527727833.00 ns, 62.9101 ns/op
WorkloadActual   6: 8388608 op, 525813663.00 ns, 62.6819 ns/op
WorkloadActual   7: 8388608 op, 528439153.00 ns, 62.9949 ns/op
WorkloadActual   8: 8388608 op, 522827472.00 ns, 62.3259 ns/op
WorkloadActual   9: 8388608 op, 524581385.00 ns, 62.5350 ns/op
WorkloadActual  10: 8388608 op, 528136894.00 ns, 62.9588 ns/op
WorkloadActual  11: 8388608 op, 525914163.00 ns, 62.6939 ns/op
WorkloadActual  12: 8388608 op, 523774937.00 ns, 62.4388 ns/op
WorkloadActual  13: 8388608 op, 527888989.00 ns, 62.9293 ns/op
WorkloadActual  14: 8388608 op, 523189560.00 ns, 62.3691 ns/op
WorkloadActual  15: 8388608 op, 520619070.00 ns, 62.0626 ns/op

// AfterActualRun
WorkloadResult   1: 8388608 op, 490509004.00 ns, 58.4732 ns/op
WorkloadResult   2: 8388608 op, 480416799.00 ns, 57.2701 ns/op
WorkloadResult   3: 8388608 op, 484664291.00 ns, 57.7765 ns/op
WorkloadResult   4: 8388608 op, 483298602.00 ns, 57.6137 ns/op
WorkloadResult   5: 8388608 op, 487370371.00 ns, 58.0991 ns/op
WorkloadResult   6: 8388608 op, 485456201.00 ns, 57.8709 ns/op
WorkloadResult   7: 8388608 op, 488081691.00 ns, 58.1839 ns/op
WorkloadResult   8: 8388608 op, 482470010.00 ns, 57.5149 ns/op
WorkloadResult   9: 8388608 op, 484223923.00 ns, 57.7240 ns/op
WorkloadResult  10: 8388608 op, 487779432.00 ns, 58.1478 ns/op
WorkloadResult  11: 8388608 op, 485556701.00 ns, 57.8829 ns/op
WorkloadResult  12: 8388608 op, 483417475.00 ns, 57.6279 ns/op
WorkloadResult  13: 8388608 op, 487531527.00 ns, 58.1183 ns/op
WorkloadResult  14: 8388608 op, 482832098.00 ns, 57.5581 ns/op
WorkloadResult  15: 8388608 op, 480261608.00 ns, 57.2516 ns/op

// AfterAll
// Benchmark Process 4586 has exited with code 0.

Mean = 57.808 ns, StdErr = 0.090 ns (0.16%), N = 15, StdDev = 0.350 ns
Min = 57.252 ns, Q1 = 57.586 ns, Median = 57.776 ns, Q3 = 58.109 ns, Max = 58.473 ns
IQR = 0.523 ns, LowerFence = 56.802 ns, UpperFence = 58.893 ns
ConfidenceInterval = [57.433 ns; 58.182 ns] (CI 99.9%), Margin = 0.374 ns (0.65% of Mean)
Skewness = 0.1, Kurtosis = 1.95, MValue = 2

// ** Remained 5 (83.3 %) benchmark(s) to run. Estimated finish 2026-09-03 1:29 (0h 1m from now) **
// **************************
// Benchmark: EnumerableBenchmark.ToListThenCount: DefaultJob [Size=1]
// *** Execute ***
// Launch: 1 / 1
// Execute: dotnet PerfBenchmark-DefaultJob-1.dll --anonymousPipes 121 122 --benchmarkName "EnumerableBenchmark.ToListThenCount(Size: 1)" --job Default --benchmarkId 1 in /app/PerfBenchmark/bin/Release/net10.0/PerfBenchmark-DefaultJob-1/bin/Release/net10.0
// Failed to set up high priority (Permission denied). In order to run benchmarks with high priority, make sure you have the right permissions.
// BeforeAnythingElse

// Benchmark Process Environment Information:
// BenchmarkDotNet v0.15.8
// Runtime=.NET 10.0.3 (10.0.3, 10.0.326.7603), X64 RyuJIT x86-64-v3
// GC=Concurrent Workstation
// HardwareIntrinsics=AVX2+BMI1+BMI2+F16C+FMA+LZCNT+MOVBE,AVX,SSE3+SSSE3+SSE4.1+SSE4.2+POPCNT,X86Base+SSE+SSE2,AES+PCLMUL VectorSize=256
// Job: DefaultJob

OverheadJitting  1: 1 op, 348660.00 ns, 348.6600 us/op
WorkloadJitting  1: 1 op, 1063158.00 ns, 1.0632 ms/op

OverheadJitting  2: 16 op, 990873.00 ns, 61.9296 us/op
WorkloadJitting  2: 16 op, 995585.00 ns, 62.2241 us/op

WorkloadPilot    1: 16 op, 18187.00 ns, 1.1367 us/op
WorkloadPilot    2: 32 op, 9027.00 ns, 282.0938 ns/op
WorkloadPilot    3: 64 op, 36418.00 ns, 569.0313 ns/op
WorkloadPilot    4: 128 op, 38343.00 ns, 299.5547 ns/op
WorkloadPilot    5: 256 op, 72592.00 ns, 283.5625 ns/op
WorkloadPilot    6: 512 op, 88186.00 ns, 172.2383 ns/op
WorkloadPilot    7: 1024 op, 186642.00 ns, 182.2676 ns/op
WorkloadPilot    8: 2048 op, 370153.00 ns, 180.7388 ns/op
WorkloadPilot    9: 4096 op, 729245.00 ns, 178.0383 ns/op
WorkloadPilot   10: 8192 op, 1541124.00 ns, 188.1255 ns/op
WorkloadPilot   11: 16384 op, 2977644.00 ns, 181.7410 ns/op
WorkloadPilot   12: 32768 op, 5501602.00 ns, 167.8956 ns/op
WorkloadPilot   13: 65536 op, 10522452.00 ns, 160.5599 ns/op
WorkloadPilot   14: 131072 op, 20771151.00 ns, 158.4713 ns/op
WorkloadPilot   15: 262144 op, 40381079.00 ns, 154.0416 ns/op
WorkloadPilot   16: 524288 op, 48446850.00 ns, 92.4050 ns/op
WorkloadPilot   17: 1048576 op, 57846623.00 ns, 55.1668 ns/op
WorkloadPilot   18: 2097152 op, 117792438.00 ns, 56.1678 ns/op
WorkloadPilot   19: 4194304 op, 231019245.00 ns, 55.0793 ns/op
WorkloadPilot   20: 8388608 op, 461661062.00 ns, 55.0343 ns/op
WorkloadPilot   21: 16777216 op, 924188628.00 ns, 55.0859 ns/op

OverheadWarmup   1: 16777216 op, 109582025.00 ns, 6.5316 ns/op
OverheadWarmup   2: 16777216 op, 103942844.00 ns, 6.1955 ns/op
OverheadWarmup   3: 16777216 op, 80476241.00 ns, 4.7968 ns/op
OverheadWarmup   4: 16777216 op, 80266556.00 ns, 4.7843 ns/op
OverheadWarmup   5: 16777216 op, 80155862.00 ns, 4.7777 ns/op
OverheadWarmup   6: 16777216 op, 80360422.00 ns, 4.7899 ns/op
OverheadWarmup   7: 16777216 op, 80235425.00 ns, 4.7824 ns/op
OverheadWarmup   8: 16777216 op, 80194345.00 ns, 4.7800 ns/op
OverheadWarmup   9: 16777216 op, 79973928.00 ns, 4.7668 ns/op
OverheadWarmup  10: 16777216 op, 80177680.00 ns, 4.7790 ns/op

OverheadActual   1: 16777216 op, 80850374.00 ns, 4.8191 ns/op
OverheadActual   2: 16777216 op, 80523550.00 ns, 4.7996 ns/op
OverheadActual   3: 16777216 op, 80320213.00 ns, 4.7875 ns/op
OverheadActual   4: 16777216 op, 80736884.00 ns, 4.8123 ns/op
OverheadActual   5: 16777216 op, 80476465.00 ns, 4.7968 ns/op
OverheadActual   6: 16777216 op, 80506475.00 ns, 4.7986 ns/op
OverheadActual   7: 16777216 op, 80601687.00 ns, 4.8042 ns/op
OverheadActual   8: 16777216 op, 80501210.00 ns, 4.7982 ns/op
OverheadActual   9: 16777216 op, 80638171.00 ns, 4.8064 ns/op
OverheadActual  10: 16777216 op, 80434110.00 ns, 4.7942 ns/op
OverheadActual  11: 16777216 op, 80759479.00 ns, 4.8136 ns/op
OverheadActual  12: 16777216 op, 80886954.00 ns, 4.8212 ns/op
OverheadActual  13: 16777216 op, 80484014.00 ns, 4.7972 ns/op
OverheadActual  14: 16777216 op, 80659147.00 ns, 4.8077 ns/op
OverheadActual  15: 16777216 op, 81082926.00 ns, 4.8329 ns/op

WorkloadWarmup   1: 16777216 op, 932696456.00 ns, 55.5930 ns/op
WorkloadWarmup   2: 16777216 op, 924991926.00 ns, 55.1338 ns/op
WorkloadWarmup   3: 16777216 op, 922462269.00 ns, 54.9830 ns/op
WorkloadWarmup   4: 16777216 op, 918100434.00 ns, 54.7231 ns/op
WorkloadWarmup   5: 16777216 op, 920652914.00 ns, 54.8752 ns/op
WorkloadWarmup   6: 16777216 op, 915370478.00 ns, 54.5603 ns/op
WorkloadWarmup   7: 16777216 op, 920188455.00 ns, 54.8475 ns/op
WorkloadWarmup   8: 16777216 op, 918459330.00 ns, 54.7444 ns/op

// BeforeActualRun
WorkloadActual   1: 16777216 op, 920458257.00 ns, 54.8636 ns/op
WorkloadActual   2: 16777216 op, 910151776.00 ns, 54.2493 ns/op
WorkloadActual   3: 16777216 op, 909424917.00 ns, 54.2059 ns/op
WorkloadActual   4: 16777216 op, 907754642.00 ns, 54.1064 ns/op
WorkloadActual   5: 16777216 op, 911824795.00 ns, 54.3490 ns/op
WorkloadActual   6: 16777216 op, 904839617.00 ns, 53.9326 ns/op
WorkloadActual   7: 16777216 op, 904107829.00 ns, 53.8890 ns/op
WorkloadActual   8: 16777216 op, 903576801.00 ns, 53.8574 ns/op
WorkloadActual   9: 16777216 op, 906848921.00 ns, 54.0524 ns/op
WorkloadActual  10: 16777216 op, 908979703.00 ns, 54.1794 ns/op
WorkloadActual  11: 16777216 op, 904502171.00 ns, 53.9125 ns/op
WorkloadActual  12: 16777216 op, 906539607.00 ns, 54.0340 ns/op
WorkloadActual  13: 16777216 op, 911343335.00 ns, 54.3203 ns/op
WorkloadActual  14: 16777216 op, 906851157.00 ns, 54.0525 ns/op
WorkloadActual  15: 16777216 op, 907707545.00 ns, 54.1036 ns/op

// AfterActualRun
WorkloadResult   1: 16777216 op, 829550089.00 ns, 49.4450 ns/op
WorkloadResult   2: 16777216 op, 828823230.00 ns, 49.4017 ns/op
WorkloadResult   3: 16777216 op, 827152955.00 ns, 49.3022 ns/op
WorkloadResult   4: 16777216 op, 831223108.00 ns, 49.5448 ns/op
WorkloadResult   5: 16777216 op, 824237930.00 ns, 49.1284 ns/op
WorkloadResult   6: 16777216 op, 823506142.00 ns, 49.0848 ns/op
WorkloadResult   7: 16777216 op, 822975114.00 ns, 49.0531 ns/op
WorkloadResult   8: 16777216 op, 826247234.00 ns, 49.2482 ns/op
WorkloadResult   9: 16777216 op, 828378016.00 ns, 49.3752 ns/op
WorkloadResult  10: 16777216 op, 823900484.00 ns, 49.1083 ns/op
WorkloadResult  11: 16777216 op, 825937920.00 ns, 49.2297 ns/op
WorkloadResult  12: 16777216 op, 830741648.00 ns, 49.5161 ns/op
WorkloadResult  13: 16777216 op, 826249470.00 ns, 49.2483 ns/op
WorkloadResult  14: 16777216 op, 827105858.00 ns, 49.2994 ns/op

// AfterAll
// Benchmark Process 4600 has exited with code 0.

Mean = 49.285 ns, StdErr = 0.042 ns (0.09%), N = 14, StdDev = 0.158 ns
Min = 49.053 ns, Q1 = 49.154 ns, Median = 49.274 ns, Q3 = 49.395 ns, Max = 49.545 ns
IQR = 0.241 ns, LowerFence = 48.792 ns, UpperFence = 49.757 ns
ConfidenceInterval = [49.107 ns; 49.463 ns] (CI 99.9%), Margin = 0.178 ns (0.36% of Mean)
Skewness = 0.12, Kurtosis = 1.66, MValue = 2

// ** Remained 4 (66.7 %) benchmark(s) to run. Estimated finish 2026-09-03 1:30 (0h 1m from now) **
// **************************
// Benchmark: EnumerableBenchmark.AnyThenToList: DefaultJob [Size=10]
// *** Execute ***
// Launch: 1 / 1
// Execute: dotnet PerfBenchmark-DefaultJob-1.dll --anonymousPipes 121 122 --benchmarkName "EnumerableBenchmark.AnyThenToList(Size: 10)" --job Default --benchmarkId 2 in /app/PerfBenchmark/bin/Release/net10.0/PerfBenchmark-DefaultJob-1/bin/Release/net10.0
// Failed to set up high priority (Permission denied). In order to run benchmarks with high priority, make sure you have the right permissions.
// BeforeAnythingElse

// Benchmark Process Environment Information:
// BenchmarkDotNet v0.15.8
// Runtime=.NET 10.0.3 (10.0.3, 10.0.326.7603), X64 RyuJIT x86-64-v3
// GC=Concurrent Workstation
// HardwareIntrinsics=AVX2+BMI1+BMI2+F16C+FMA+LZCNT+MOVBE,AVX,SSE3+SSSE3+SSE4.1+SSE4.2+POPCNT,X86Base+SSE+SSE2,AES+PCLMUL VectorSize=256
// Job: DefaultJob

OverheadJitting  1: 1 op, 307400.00 ns, 307.4000 us/op
WorkloadJitting  1: 1 op, 1403991.00 ns, 1.4040 ms/op

OverheadJitting  2: 16 op, 936546.00 ns, 58.5341 us/op
WorkloadJitting  2: 16 op, 1020030.00 ns, 63.7519 us/op

WorkloadPilot    1: 16 op, 56302.00 ns, 3.5189 us/op
WorkloadPilot    2: 32 op, 39278.00 ns, 1.2274 us/op
WorkloadPilot    3: 64 op, 60271.00 ns, 941.7344 ns/op
WorkloadPilot    4: 128 op, 89640.00 ns, 700.3125 ns/op
WorkloadPilot    5: 256 op, 173191.00 ns, 676.5273 ns/op
WorkloadPilot    6: 512 op, 368287.00 ns, 719.3105 ns/op
WorkloadPilot    7: 1024 op, 768918.00 ns, 750.8965 ns/op
WorkloadPilot    8: 2048 op, 1143772.00 ns, 558.4824 ns/op
WorkloadPilot    9: 4096 op, 2502353.00 ns, 610.9260 ns/op
WorkloadPilot   10: 8192 op, 4737110.00 ns, 578.2605 ns/op
WorkloadPilot   11: 16384 op, 9271374.00 ns, 565.8798 ns/op
WorkloadPilot   12: 32768 op, 18066680.00 ns, 551.3513 ns/op
WorkloadPilot   13: 65536 op, 35344619.00 ns, 539.3161 ns/op
WorkloadPilot   14: 131072 op, 56436482.00 ns, 430.5762 ns/op
WorkloadPilot   15: 262144 op, 46022635.00 ns, 175.5624 ns/op
WorkloadPilot   16: 524288 op, 86521061.00 ns, 165.0258 ns/op
WorkloadPilot   17: 1048576 op, 172386254.00 ns, 164.4003 ns/op
WorkloadPilot   18: 2097152 op, 348791791.00 ns, 166.3169 ns/op
WorkloadPilot   19: 4194304 op, 689390396.00 ns, 164.3635 ns/op

OverheadWarmup   1: 4194304 op, 27212872.00 ns, 6.4881 ns/op
OverheadWarmup   2: 4194304 op, 27529434.00 ns, 6.5635 ns/op
OverheadWarmup   3: 4194304 op, 27480784.00 ns, 6.5519 ns/op
OverheadWarmup   4: 4194304 op, 27528119.00 ns, 6.5632 ns/op
OverheadWarmup   5: 4194304 op, 27357662.00 ns, 6.5226 ns/op

OverheadActual   1: 4194304 op, 27221579.00 ns, 6.4901 ns/op
OverheadActual   2: 4194304 op, 27287835.00 ns, 6.5059 ns/op
OverheadActual   3: 4194304 op, 27307652.00 ns, 6.5107 ns/op
OverheadActual   4: 4194304 op, 27343056.00 ns, 6.5191 ns/op
OverheadActual   5: 4194304 op, 27213462.00 ns, 6.4882 ns/op
OverheadActual   6: 4194304 op, 27250635.00 ns, 6.4971 ns/op
OverheadActual   7: 4194304 op, 27333260.00 ns, 6.5168 ns/op
OverheadActual   8: 4194304 op, 27399510.00 ns, 6.5326 ns/op
OverheadActual   9: 4194304 op, 24466092.00 ns, 5.8332 ns/op
OverheadActual  10: 4194304 op, 20622871.00 ns, 4.9169 ns/op
OverheadActual  11: 4194304 op, 20691657.00 ns, 4.9333 ns/op
OverheadActual  12: 4194304 op, 20483247.00 ns, 4.8836 ns/op
OverheadActual  13: 4194304 op, 20859419.00 ns, 4.9733 ns/op
OverheadActual  14: 4194304 op, 20548093.00 ns, 4.8990 ns/op
OverheadActual  15: 4194304 op, 20736222.00 ns, 4.9439 ns/op
OverheadActual  16: 4194304 op, 20665163.00 ns, 4.9270 ns/op
OverheadActual  17: 4194304 op, 20378244.00 ns, 4.8586 ns/op
OverheadActual  18: 4194304 op, 20297539.00 ns, 4.8393 ns/op
OverheadActual  19: 4194304 op, 20215659.00 ns, 4.8198 ns/op
OverheadActual  20: 4194304 op, 20212181.00 ns, 4.8190 ns/op

WorkloadWarmup   1: 4194304 op, 705853380.00 ns, 168.2886 ns/op
WorkloadWarmup   2: 4194304 op, 702585321.00 ns, 167.5094 ns/op
WorkloadWarmup   3: 4194304 op, 701398347.00 ns, 167.2264 ns/op
WorkloadWarmup   4: 4194304 op, 688515056.00 ns, 164.1548 ns/op
WorkloadWarmup   5: 4194304 op, 687559034.00 ns, 163.9268 ns/op
WorkloadWarmup   6: 4194304 op, 687078826.00 ns, 163.8124 ns/op
WorkloadWarmup   7: 4194304 op, 691440962.00 ns, 164.8524 ns/op
WorkloadWarmup   8: 4194304 op, 695536754.00 ns, 165.8289 ns/op
WorkloadWarmup   9: 4194304 op, 696398956.00 ns, 166.0344 ns/op
WorkloadWarmup  10: 4194304 op, 694613815.00 ns, 165.6088 ns/op
WorkloadWarmup  11: 4194304 op, 690231023.00 ns, 164.5639 ns/op
WorkloadWarmup  12: 4194304 op, 690301927.00 ns, 164.5808 ns/op
WorkloadWarmup  13: 4194304 op, 686878150.00 ns, 163.7645 ns/op

// BeforeActualRun
WorkloadActual   1: 4194304 op, 694213740.00 ns, 165.5135 ns/op
WorkloadActual   2: 4194304 op, 688756338.00 ns, 164.2123 ns/op
WorkloadActual   3: 4194304 op, 919980854.00 ns, 219.3405 ns/op
WorkloadActual   4: 4194304 op, 1059137492.00 ns, 252.5181 ns/op
WorkloadActual   5: 4194304 op, 1038300474.00 ns, 247.5501 ns/op
WorkloadActual   6: 4194304 op, 831515846.00 ns, 198.2488 ns/op
WorkloadActual   7: 4194304 op, 690333825.00 ns, 164.5884 ns/op
WorkloadActual   8: 4194304 op, 687325391.00 ns, 163.8711 ns/op
WorkloadActual   9: 4194304 op, 685191974.00 ns, 163.3625 ns/op
WorkloadActual  10: 4194304 op, 684921209.00 ns, 163.2979 ns/op
WorkloadActual  11: 4194304 op, 688889512.00 ns, 164.2441 ns/op
WorkloadActual  12: 4194304 op, 681410982.00 ns, 162.4610 ns/op
WorkloadActual  13: 4194304 op, 687772585.00 ns, 163.9778 ns/op
WorkloadActual  14: 4194304 op, 689916503.00 ns, 164.4889 ns/op
WorkloadActual  15: 4194304 op, 692908666.00 ns, 165.2023 ns/op
WorkloadActual  16: 4194304 op, 688790207.00 ns, 164.2204 ns/op
WorkloadActual  17: 4194304 op, 686948665.00 ns, 163.7813 ns/op

// AfterActualRun
WorkloadResult   1: 4194304 op, 673415919.50 ns, 160.5549 ns/op
WorkloadResult   2: 4194304 op, 667958517.50 ns, 159.2537 ns/op
WorkloadResult   3: 4194304 op, 669536004.50 ns, 159.6298 ns/op
WorkloadResult   4: 4194304 op, 666527570.50 ns, 158.9126 ns/op
WorkloadResult   5: 4194304 op, 664394153.50 ns, 158.4039 ns/op
WorkloadResult   6: 4194304 op, 664123388.50 ns, 158.3394 ns/op
WorkloadResult   7: 4194304 op, 668091691.50 ns, 159.2855 ns/op
WorkloadResult   8: 4194304 op, 660613161.50 ns, 157.5025 ns/op
WorkloadResult   9: 4194304 op, 666974764.50 ns, 159.0192 ns/op
WorkloadResult  10: 4194304 op, 669118682.50 ns, 159.5303 ns/op
WorkloadResult  11: 4194304 op, 672110845.50 ns, 160.2437 ns/op
WorkloadResult  12: 4194304 op, 667992386.50 ns, 159.2618 ns/op
WorkloadResult  13: 4194304 op, 666150844.50 ns, 158.8227 ns/op

// AfterAll
// Benchmark Process 4613 has exited with code 0.

Mean = 159.135 ns, StdErr = 0.222 ns (0.14%), N = 13, StdDev = 0.801 ns
Min = 157.502 ns, Q1 = 158.823 ns, Median = 159.254 ns, Q3 = 159.530 ns, Max = 160.555 ns
IQR = 0.708 ns, LowerFence = 157.761 ns, UpperFence = 160.592 ns
ConfidenceInterval = [158.177 ns; 160.094 ns] (CI 99.9%), Margin = 0.959 ns (0.60% of Mean)
Skewness = -0.13, Kurtosis = 2.52, MValue = 2

// ** Remained 3 (50.0 %) benchmark(s) to run. Estimated finish 2026-09-03 1:30 (0h 1m from now) **
// **************************
// Benchmark: EnumerableBenchmark.ToListThenCount: DefaultJob [Size=10]
// *** Execute ***
// Launch: 1 / 1
// Execute: dotnet PerfBenchmark-DefaultJob-1.dll --anonymousPipes 121 122 --benchmarkName "EnumerableBenchmark.ToListThenCount(Size: 10)" --job Default --benchmarkId 3 in /app/PerfBenchmark/bin/Release/net10.0/PerfBenchmark-DefaultJob-1/bin/Release/net10.0
// Failed to set up high priority (Permission denied). In order to run benchmarks with high priority, make sure you have the right permissions.
// BeforeAnythingElse

// Benchmark Process Environment Information:
// BenchmarkDotNet v0.15.8
// Runtime=.NET 10.0.3 (10.0.3, 10.0.326.7603), X64 RyuJIT x86-64-v3
// GC=Concurrent Workstation
// HardwareIntrinsics=AVX2+BMI1+BMI2+F16C+FMA+LZCNT+MOVBE,AVX,SSE3+SSSE3+SSE4.1+SSE4.2+POPCNT,X86Base+SSE+SSE2,AES+PCLMUL VectorSize=256
// Job: DefaultJob

OverheadJitting  1: 1 op, 376502.00 ns, 376.5020 us/op
WorkloadJitting  1: 1 op, 1134327.00 ns, 1.1343 ms/op

OverheadJitting  2: 16 op, 945258.00 ns, 59.0786 us/op
WorkloadJitting  2: 16 op, 974033.00 ns, 60.8771 us/op

WorkloadPilot    1: 16 op, 14724.00 ns, 920.2500 ns/op
WorkloadPilot    2: 32 op, 35987.00 ns, 1.1246 us/op
WorkloadPilot    3: 64 op, 54339.00 ns, 849.0469 ns/op
WorkloadPilot    4: 128 op, 86340.00 ns, 674.5313 ns/op
WorkloadPilot    5: 256 op, 144446.00 ns, 564.2422 ns/op
WorkloadPilot    6: 512 op, 291367.00 ns, 569.0762 ns/op
WorkloadPilot    7: 1024 op, 673782.00 ns, 657.9902 ns/op
WorkloadPilot    8: 2048 op, 1008544.00 ns, 492.4531 ns/op
WorkloadPilot    9: 4096 op, 2062211.00 ns, 503.4695 ns/op
WorkloadPilot   10: 8192 op, 4183127.00 ns, 510.6356 ns/op
WorkloadPilot   11: 16384 op, 8257773.00 ns, 504.0145 ns/op
WorkloadPilot   12: 32768 op, 16104232.00 ns, 491.4622 ns/op
WorkloadPilot   13: 65536 op, 32526023.00 ns, 496.3077 ns/op
WorkloadPilot   14: 131072 op, 57552528.00 ns, 439.0909 ns/op
WorkloadPilot   15: 262144 op, 43520170.00 ns, 166.0163 ns/op
WorkloadPilot   16: 524288 op, 80713498.00 ns, 153.9488 ns/op
WorkloadPilot   17: 1048576 op, 160381920.00 ns, 152.9521 ns/op
WorkloadPilot   18: 2097152 op, 321843604.00 ns, 153.4670 ns/op
WorkloadPilot   19: 4194304 op, 643919603.00 ns, 153.5224 ns/op

OverheadWarmup   1: 4194304 op, 27618608.00 ns, 6.5848 ns/op
OverheadWarmup   2: 4194304 op, 27784881.00 ns, 6.6244 ns/op
OverheadWarmup   3: 4194304 op, 27633212.00 ns, 6.5883 ns/op
OverheadWarmup   4: 4194304 op, 27621777.00 ns, 6.5855 ns/op
OverheadWarmup   5: 4194304 op, 28014978.00 ns, 6.6793 ns/op
OverheadWarmup   6: 4194304 op, 27633193.00 ns, 6.5883 ns/op

OverheadActual   1: 4194304 op, 27969038.00 ns, 6.6683 ns/op
OverheadActual   2: 4194304 op, 28189520.00 ns, 6.7209 ns/op
OverheadActual   3: 4194304 op, 27845643.00 ns, 6.6389 ns/op
OverheadActual   4: 4194304 op, 27721662.00 ns, 6.6094 ns/op
OverheadActual   5: 4194304 op, 27515520.00 ns, 6.5602 ns/op
OverheadActual   6: 4194304 op, 27479963.00 ns, 6.5517 ns/op
OverheadActual   7: 4194304 op, 27585701.00 ns, 6.5769 ns/op
OverheadActual   8: 4194304 op, 27594902.00 ns, 6.5791 ns/op
OverheadActual   9: 4194304 op, 27466669.00 ns, 6.5486 ns/op
OverheadActual  10: 4194304 op, 27719124.00 ns, 6.6088 ns/op
OverheadActual  11: 4194304 op, 33077975.00 ns, 7.8864 ns/op
OverheadActual  12: 4194304 op, 37806536.00 ns, 9.0138 ns/op
OverheadActual  13: 4194304 op, 22590256.00 ns, 5.3859 ns/op
OverheadActual  14: 4194304 op, 22151753.00 ns, 5.2814 ns/op
OverheadActual  15: 4194304 op, 21758172.00 ns, 5.1876 ns/op
OverheadActual  16: 4194304 op, 21891614.00 ns, 5.2194 ns/op
OverheadActual  17: 4194304 op, 33381450.00 ns, 7.9588 ns/op
OverheadActual  18: 4194304 op, 22110189.00 ns, 5.2715 ns/op
OverheadActual  19: 4194304 op, 22081527.00 ns, 5.2646 ns/op
OverheadActual  20: 4194304 op, 21858941.00 ns, 5.2116 ns/op

WorkloadWarmup   1: 4194304 op, 696444155.00 ns, 166.0452 ns/op
WorkloadWarmup   2: 4194304 op, 664341060.00 ns, 158.3913 ns/op
WorkloadWarmup   3: 4194304 op, 649602780.00 ns, 154.8774 ns/op
WorkloadWarmup   4: 4194304 op, 652028229.00 ns, 155.4556 ns/op
WorkloadWarmup   5: 4194304 op, 647170284.00 ns, 154.2974 ns/op
WorkloadWarmup   6: 4194304 op, 643593308.00 ns, 153.4446 ns/op
WorkloadWarmup   7: 4194304 op, 650056129.00 ns, 154.9855 ns/op
WorkloadWarmup   8: 4194304 op, 643673405.00 ns, 153.4637 ns/op

// BeforeActualRun
WorkloadActual   1: 4194304 op, 640893274.00 ns, 152.8009 ns/op
WorkloadActual   2: 4194304 op, 644267741.00 ns, 153.6054 ns/op
WorkloadActual   3: 4194304 op, 639991995.00 ns, 152.5860 ns/op
WorkloadActual   4: 4194304 op, 642506438.00 ns, 153.1855 ns/op
WorkloadActual   5: 4194304 op, 643396882.00 ns, 153.3978 ns/op
WorkloadActual   6: 4194304 op, 642496915.00 ns, 153.1832 ns/op
WorkloadActual   7: 4194304 op, 644651182.00 ns, 153.6968 ns/op
WorkloadActual   8: 4194304 op, 641198323.00 ns, 152.8736 ns/op
WorkloadActual   9: 4194304 op, 642964524.00 ns, 153.2947 ns/op
WorkloadActual  10: 4194304 op, 640072077.00 ns, 152.6051 ns/op
WorkloadActual  11: 4194304 op, 642439925.00 ns, 153.1696 ns/op
WorkloadActual  12: 4194304 op, 638759734.00 ns, 152.2922 ns/op
WorkloadActual  13: 4194304 op, 638939074.00 ns, 152.3349 ns/op
WorkloadActual  14: 4194304 op, 638293077.00 ns, 152.1809 ns/op
WorkloadActual  15: 4194304 op, 641986263.00 ns, 153.0615 ns/op

// AfterActualRun
WorkloadResult   1: 4194304 op, 613342663.50 ns, 146.2323 ns/op
WorkloadResult   2: 4194304 op, 616717130.50 ns, 147.0368 ns/op
WorkloadResult   3: 4194304 op, 612441384.50 ns, 146.0174 ns/op
WorkloadResult   4: 4194304 op, 614955827.50 ns, 146.6169 ns/op
WorkloadResult   5: 4194304 op, 615846271.50 ns, 146.8292 ns/op
WorkloadResult   6: 4194304 op, 614946304.50 ns, 146.6146 ns/op
WorkloadResult   7: 4194304 op, 617100571.50 ns, 147.1282 ns/op
WorkloadResult   8: 4194304 op, 613647712.50 ns, 146.3050 ns/op
WorkloadResult   9: 4194304 op, 615413913.50 ns, 146.7261 ns/op
WorkloadResult  10: 4194304 op, 612521466.50 ns, 146.0365 ns/op
WorkloadResult  11: 4194304 op, 614889314.50 ns, 146.6010 ns/op
WorkloadResult  12: 4194304 op, 611209123.50 ns, 145.7236 ns/op
WorkloadResult  13: 4194304 op, 611388463.50 ns, 145.7664 ns/op
WorkloadResult  14: 4194304 op, 610742466.50 ns, 145.6124 ns/op
WorkloadResult  15: 4194304 op, 614435652.50 ns, 146.4929 ns/op

// AfterAll
// Benchmark Process 4627 has exited with code 0.

Mean = 146.383 ns, StdErr = 0.123 ns (0.08%), N = 15, StdDev = 0.475 ns
Min = 145.612 ns, Q1 = 146.027 ns, Median = 146.493 ns, Q3 = 146.672 ns, Max = 147.128 ns
IQR = 0.645 ns, LowerFence = 145.060 ns, UpperFence = 147.638 ns
ConfidenceInterval = [145.875 ns; 146.890 ns] (CI 99.9%), Margin = 0.508 ns (0.35% of Mean)
Skewness = -0.13, Kurtosis = 1.67, MValue = 2

// ** Remained 2 (33.3 %) benchmark(s) to run. Estimated finish 2026-09-03 1:30 (0h 0m from now) **
// **************************
// Benchmark: EnumerableBenchmark.AnyThenToList: DefaultJob [Size=100]
// *** Execute ***
// Launch: 1 / 1
// Execute: dotnet PerfBenchmark-DefaultJob-1.dll --anonymousPipes 121 122 --benchmarkName "EnumerableBenchmark.AnyThenToList(Size: 100)" --job Default --benchmarkId 4 in /app/PerfBenchmark/bin/Release/net10.0/PerfBenchmark-DefaultJob-1/bin/Release/net10.0
// Failed to set up high priority (Permission denied). In order to run benchmarks with high priority, make sure you have the right permissions.
// BeforeAnythingElse

// Benchmark Process Environment Information:
// BenchmarkDotNet v0.15.8
// Runtime=.NET 10.0.3 (10.0.3, 10.0.326.7603), X64 RyuJIT x86-64-v3
// GC=Concurrent Workstation
// HardwareIntrinsics=AVX2+BMI1+BMI2+F16C+FMA+LZCNT+MOVBE,AVX,SSE3+SSSE3+SSE4.1+SSE4.2+POPCNT,X86Base+SSE+SSE2,AES+PCLMUL VectorSize=256
// Job: DefaultJob

OverheadJitting  1: 1 op, 371391.00 ns, 371.3910 us/op
WorkloadJitting  1: 1 op, 1648353.00 ns, 1.6484 ms/op

OverheadJitting  2: 16 op, 1094892.00 ns, 68.4308 us/op
WorkloadJitting  2: 16 op, 1225172.00 ns, 76.5733 us/op

WorkloadPilot    1: 16 op, 80829.00 ns, 5.0518 us/op
WorkloadPilot    2: 32 op, 182156.00 ns, 5.6924 us/op
WorkloadPilot    3: 64 op, 289819.00 ns, 4.5284 us/op
WorkloadPilot    4: 128 op, 563364.00 ns, 4.4013 us/op
WorkloadPilot    5: 256 op, 1072995.00 ns, 4.1914 us/op
WorkloadPilot    6: 512 op, 1612990.00 ns, 3.1504 us/op
WorkloadPilot    7: 1024 op, 3321836.00 ns, 3.2440 us/op
WorkloadPilot    8: 2048 op, 6542264.00 ns, 3.1945 us/op
WorkloadPilot    9: 4096 op, 12879684.00 ns, 3.1445 us/op
WorkloadPilot   10: 8192 op, 25220502.00 ns, 3.0787 us/op
WorkloadPilot   11: 16384 op, 56565948.00 ns, 3.4525 us/op
WorkloadPilot   12: 32768 op, 26122479.00 ns, 797.1948 ns/op
WorkloadPilot   13: 65536 op, 48731152.00 ns, 743.5784 ns/op
WorkloadPilot   14: 131072 op, 90941904.00 ns, 693.8317 ns/op
WorkloadPilot   15: 262144 op, 181390607.00 ns, 691.9503 ns/op
WorkloadPilot   16: 524288 op, 365609544.00 ns, 697.3449 ns/op
WorkloadPilot   17: 1048576 op, 722483807.00 ns, 689.0143 ns/op

OverheadWarmup   1: 1048576 op, 6791718.00 ns, 6.4771 ns/op
OverheadWarmup   2: 1048576 op, 6800341.00 ns, 6.4853 ns/op
OverheadWarmup   3: 1048576 op, 6851101.00 ns, 6.5337 ns/op
OverheadWarmup   4: 1048576 op, 6832164.00 ns, 6.5157 ns/op
OverheadWarmup   5: 1048576 op, 6844091.00 ns, 6.5270 ns/op
OverheadWarmup   6: 1048576 op, 6831559.00 ns, 6.5151 ns/op

OverheadActual   1: 1048576 op, 7094053.00 ns, 6.7654 ns/op
OverheadActual   2: 1048576 op, 6988807.00 ns, 6.6650 ns/op
OverheadActual   3: 1048576 op, 6934730.00 ns, 6.6135 ns/op
OverheadActual   4: 1048576 op, 6831308.00 ns, 6.5148 ns/op
OverheadActual   5: 1048576 op, 6941587.00 ns, 6.6200 ns/op
OverheadActual   6: 1048576 op, 6807047.00 ns, 6.4917 ns/op
OverheadActual   7: 1048576 op, 6797240.00 ns, 6.4824 ns/op
OverheadActual   8: 1048576 op, 6784417.00 ns, 6.4701 ns/op
OverheadActual   9: 1048576 op, 6785951.00 ns, 6.4716 ns/op
OverheadActual  10: 1048576 op, 6794533.00 ns, 6.4798 ns/op
OverheadActual  11: 1048576 op, 6824908.00 ns, 6.5087 ns/op
OverheadActual  12: 1048576 op, 6785846.00 ns, 6.4715 ns/op
OverheadActual  13: 1048576 op, 6861662.00 ns, 6.5438 ns/op
OverheadActual  14: 1048576 op, 7928027.00 ns, 7.5608 ns/op
OverheadActual  15: 1048576 op, 10894680.00 ns, 10.3900 ns/op

WorkloadWarmup   1: 1048576 op, 766079110.00 ns, 730.5900 ns/op
WorkloadWarmup   2: 1048576 op, 738784170.00 ns, 704.5595 ns/op
WorkloadWarmup   3: 1048576 op, 732657424.00 ns, 698.7166 ns/op
WorkloadWarmup   4: 1048576 op, 731322066.00 ns, 697.4431 ns/op
WorkloadWarmup   5: 1048576 op, 724465237.00 ns, 690.9039 ns/op
WorkloadWarmup   6: 1048576 op, 728187922.00 ns, 694.4541 ns/op
WorkloadWarmup   7: 1048576 op, 727152319.00 ns, 693.4665 ns/op
WorkloadWarmup   8: 1048576 op, 728928475.00 ns, 695.1604 ns/op
WorkloadWarmup   9: 1048576 op, 731857986.00 ns, 697.9542 ns/op
WorkloadWarmup  10: 1048576 op, 727658248.00 ns, 693.9490 ns/op

// BeforeActualRun
WorkloadActual   1: 1048576 op, 719205118.00 ns, 685.8874 ns/op
WorkloadActual   2: 1048576 op, 722398095.00 ns, 688.9325 ns/op
WorkloadActual   3: 1048576 op, 717464150.00 ns, 684.2271 ns/op
WorkloadActual   4: 1048576 op, 718593159.00 ns, 685.3038 ns/op
WorkloadActual   5: 1048576 op, 711103168.00 ns, 678.1608 ns/op
WorkloadActual   6: 1048576 op, 719752695.00 ns, 686.4097 ns/op
WorkloadActual   7: 1048576 op, 715812152.00 ns, 682.6517 ns/op
WorkloadActual   8: 1048576 op, 720800772.00 ns, 687.4092 ns/op
WorkloadActual   9: 1048576 op, 721693111.00 ns, 688.2602 ns/op
WorkloadActual  10: 1048576 op, 718110716.00 ns, 684.8437 ns/op
WorkloadActual  11: 1048576 op, 714951393.00 ns, 681.8308 ns/op
WorkloadActual  12: 1048576 op, 711235625.00 ns, 678.2871 ns/op
WorkloadActual  13: 1048576 op, 710386633.00 ns, 677.4775 ns/op
WorkloadActual  14: 1048576 op, 710242662.00 ns, 677.3402 ns/op
WorkloadActual  15: 1048576 op, 709502745.00 ns, 676.6345 ns/op

// AfterActualRun
WorkloadResult   1: 1048576 op, 712373810.00 ns, 679.3726 ns/op
WorkloadResult   2: 1048576 op, 715566787.00 ns, 682.4177 ns/op
WorkloadResult   3: 1048576 op, 710632842.00 ns, 677.7123 ns/op
WorkloadResult   4: 1048576 op, 711761851.00 ns, 678.7890 ns/op
WorkloadResult   5: 1048576 op, 704271860.00 ns, 671.6460 ns/op
WorkloadResult   6: 1048576 op, 712921387.00 ns, 679.8948 ns/op
WorkloadResult   7: 1048576 op, 708980844.00 ns, 676.1368 ns/op
WorkloadResult   8: 1048576 op, 713969464.00 ns, 680.8943 ns/op
WorkloadResult   9: 1048576 op, 714861803.00 ns, 681.7453 ns/op
WorkloadResult  10: 1048576 op, 711279408.00 ns, 678.3289 ns/op
WorkloadResult  11: 1048576 op, 708120085.00 ns, 675.3159 ns/op
WorkloadResult  12: 1048576 op, 704404317.00 ns, 671.7723 ns/op
WorkloadResult  13: 1048576 op, 703555325.00 ns, 670.9626 ns/op
WorkloadResult  14: 1048576 op, 703411354.00 ns, 670.8253 ns/op
WorkloadResult  15: 1048576 op, 702671437.00 ns, 670.1197 ns/op

// AfterAll
// Benchmark Process 4639 has exited with code 0.

Mean = 676.396 ns, StdErr = 1.118 ns (0.17%), N = 15, StdDev = 4.330 ns
Min = 670.120 ns, Q1 = 671.709 ns, Median = 677.712 ns, Q3 = 679.634 ns, Max = 682.418 ns
IQR = 7.925 ns, LowerFence = 659.822 ns, UpperFence = 691.521 ns
ConfidenceInterval = [671.766 ns; 681.025 ns] (CI 99.9%), Margin = 4.629 ns (0.68% of Mean)
Skewness = -0.19, Kurtosis = 1.36, MValue = 2

// ** Remained 1 (16.7 %) benchmark(s) to run. Estimated finish 2026-09-03 1:30 (0h 0m from now) **
// **************************
// Benchmark: EnumerableBenchmark.ToListThenCount: DefaultJob [Size=100]
// *** Execute ***
// Launch: 1 / 1
// Execute: dotnet PerfBenchmark-DefaultJob-1.dll --anonymousPipes 121 122 --benchmarkName "EnumerableBenchmark.ToListThenCount(Size: 100)" --job Default --benchmarkId 5 in /app/PerfBenchmark/bin/Release/net10.0/PerfBenchmark-DefaultJob-1/bin/Release/net10.0
// Failed to set up high priority (Permission denied). In order to run benchmarks with high priority, make sure you have the right permissions.
// BeforeAnythingElse

// Benchmark Process Environment Information:
// BenchmarkDotNet v0.15.8
// Runtime=.NET 10.0.3 (10.0.3, 10.0.326.7603), X64 RyuJIT x86-64-v3
// GC=Concurrent Workstation
// HardwareIntrinsics=AVX2+BMI1+BMI2+F16C+FMA+LZCNT+MOVBE,AVX,SSE3+SSSE3+SSE4.1+SSE4.2+POPCNT,X86Base+SSE+SSE2,AES+PCLMUL VectorSize=256
// Job: DefaultJob

OverheadJitting  1: 1 op, 349317.00 ns, 349.3170 us/op
WorkloadJitting  1: 1 op, 1107114.00 ns, 1.1071 ms/op

OverheadJitting  2: 16 op, 977479.00 ns, 61.0924 us/op
WorkloadJitting  2: 16 op, 1147481.00 ns, 71.7176 us/op

WorkloadPilot    1: 16 op, 73236.00 ns, 4.5773 us/op
WorkloadPilot    2: 32 op, 147750.00 ns, 4.6172 us/op
WorkloadPilot    3: 64 op, 272832.00 ns, 4.2630 us/op
WorkloadPilot    4: 128 op, 541552.00 ns, 4.2309 us/op
WorkloadPilot    5: 256 op, 928245.00 ns, 3.6260 us/op
WorkloadPilot    6: 512 op, 1581366.00 ns, 3.0886 us/op
WorkloadPilot    7: 1024 op, 3177915.00 ns, 3.1034 us/op
WorkloadPilot    8: 2048 op, 6186642.00 ns, 3.0208 us/op
WorkloadPilot    9: 4096 op, 12259029.00 ns, 2.9929 us/op
WorkloadPilot   10: 8192 op, 24278642.00 ns, 2.9637 us/op
WorkloadPilot   11: 16384 op, 48446998.00 ns, 2.9570 us/op
WorkloadPilot   12: 32768 op, 35952029.00 ns, 1.0972 us/op
WorkloadPilot   13: 65536 op, 47651371.00 ns, 727.1022 ns/op
WorkloadPilot   14: 131072 op, 89503237.00 ns, 682.8555 ns/op
WorkloadPilot   15: 262144 op, 178035269.00 ns, 679.1507 ns/op
WorkloadPilot   16: 524288 op, 371395393.00 ns, 708.3805 ns/op
WorkloadPilot   17: 1048576 op, 814796206.00 ns, 777.0502 ns/op

OverheadWarmup   1: 1048576 op, 7699067.00 ns, 7.3424 ns/op
OverheadWarmup   2: 1048576 op, 7036231.00 ns, 6.7103 ns/op
OverheadWarmup   3: 1048576 op, 7059081.00 ns, 6.7321 ns/op
OverheadWarmup   4: 1048576 op, 7044832.00 ns, 6.7185 ns/op
OverheadWarmup   5: 1048576 op, 7012579.00 ns, 6.6877 ns/op
OverheadWarmup   6: 1048576 op, 6931447.00 ns, 6.6103 ns/op
OverheadWarmup   7: 1048576 op, 7232594.00 ns, 6.8975 ns/op
OverheadWarmup   8: 1048576 op, 6810777.00 ns, 6.4953 ns/op

OverheadActual   1: 1048576 op, 7386835.00 ns, 7.0446 ns/op
OverheadActual   2: 1048576 op, 6903489.00 ns, 6.5837 ns/op
OverheadActual   3: 1048576 op, 9524272.00 ns, 9.0831 ns/op
OverheadActual   4: 1048576 op, 9941225.00 ns, 9.4807 ns/op
OverheadActual   5: 1048576 op, 10052882.00 ns, 9.5872 ns/op
OverheadActual   6: 1048576 op, 9033314.00 ns, 8.6148 ns/op
OverheadActual   7: 1048576 op, 10238207.00 ns, 9.7639 ns/op
OverheadActual   8: 1048576 op, 9826554.00 ns, 9.3713 ns/op
OverheadActual   9: 1048576 op, 8799058.00 ns, 8.3914 ns/op
OverheadActual  10: 1048576 op, 8331921.00 ns, 7.9459 ns/op
OverheadActual  11: 1048576 op, 7730152.00 ns, 7.3720 ns/op
OverheadActual  12: 1048576 op, 8086296.00 ns, 7.7117 ns/op
OverheadActual  13: 1048576 op, 9623410.00 ns, 9.1776 ns/op
OverheadActual  14: 1048576 op, 9386929.00 ns, 8.9521 ns/op
OverheadActual  15: 1048576 op, 8004423.00 ns, 7.6336 ns/op
OverheadActual  16: 1048576 op, 9601605.00 ns, 9.1568 ns/op
OverheadActual  17: 1048576 op, 7457658.00 ns, 7.1122 ns/op
OverheadActual  18: 1048576 op, 7682959.00 ns, 7.3270 ns/op
OverheadActual  19: 1048576 op, 8891977.00 ns, 8.4801 ns/op
OverheadActual  20: 1048576 op, 8687753.00 ns, 8.2853 ns/op

WorkloadWarmup   1: 1048576 op, 756161295.00 ns, 721.1316 ns/op
WorkloadWarmup   2: 1048576 op, 731103393.00 ns, 697.2345 ns/op
WorkloadWarmup   3: 1048576 op, 713613266.00 ns, 680.5546 ns/op
WorkloadWarmup   4: 1048576 op, 712150493.00 ns, 679.1596 ns/op
WorkloadWarmup   5: 1048576 op, 715478045.00 ns, 682.3330 ns/op
WorkloadWarmup   6: 1048576 op, 711212944.00 ns, 678.2655 ns/op
WorkloadWarmup   7: 1048576 op, 713001214.00 ns, 679.9709 ns/op
WorkloadWarmup   8: 1048576 op, 707031705.00 ns, 674.2780 ns/op

// BeforeActualRun
WorkloadActual   1: 1048576 op, 721989708.00 ns, 688.5430 ns/op
WorkloadActual   2: 1048576 op, 710175836.00 ns, 677.2765 ns/op
WorkloadActual   3: 1048576 op, 713203157.00 ns, 680.1635 ns/op
WorkloadActual   4: 1048576 op, 714229120.00 ns, 681.1420 ns/op
WorkloadActual   5: 1048576 op, 715557361.00 ns, 682.4087 ns/op
WorkloadActual   6: 1048576 op, 724464005.00 ns, 690.9027 ns/op
WorkloadActual   7: 1048576 op, 713679125.00 ns, 680.6175 ns/op
WorkloadActual   8: 1048576 op, 709709700.00 ns, 676.8319 ns/op
WorkloadActual   9: 1048576 op, 713716182.00 ns, 680.6528 ns/op
WorkloadActual  10: 1048576 op, 713594709.00 ns, 680.5369 ns/op
WorkloadActual  11: 1048576 op, 719031759.00 ns, 685.7221 ns/op
WorkloadActual  12: 1048576 op, 715367475.00 ns, 682.2276 ns/op
WorkloadActual  13: 1048576 op, 709231129.00 ns, 676.3755 ns/op
WorkloadActual  14: 1048576 op, 704083091.00 ns, 671.4660 ns/op
WorkloadActual  15: 1048576 op, 712126975.00 ns, 679.1372 ns/op

// AfterActualRun
WorkloadResult   1: 1048576 op, 701330318.50 ns, 668.8407 ns/op
WorkloadResult   2: 1048576 op, 704357639.50 ns, 671.7278 ns/op
WorkloadResult   3: 1048576 op, 705383602.50 ns, 672.7062 ns/op
WorkloadResult   4: 1048576 op, 706711843.50 ns, 673.9729 ns/op
WorkloadResult   5: 1048576 op, 704833607.50 ns, 672.1817 ns/op
WorkloadResult   6: 1048576 op, 700864182.50 ns, 668.3962 ns/op
WorkloadResult   7: 1048576 op, 704870664.50 ns, 672.2170 ns/op
WorkloadResult   8: 1048576 op, 704749191.50 ns, 672.1012 ns/op
WorkloadResult   9: 1048576 op, 710186241.50 ns, 677.2864 ns/op
WorkloadResult  10: 1048576 op, 706521957.50 ns, 673.7918 ns/op
WorkloadResult  11: 1048576 op, 700385611.50 ns, 667.9398 ns/op
WorkloadResult  12: 1048576 op, 695237573.50 ns, 663.0302 ns/op
WorkloadResult  13: 1048576 op, 703281457.50 ns, 670.7015 ns/op

// AfterAll
// Benchmark Process 4651 has exited with code 0.

Mean = 671.146 ns, StdErr = 0.973 ns (0.15%), N = 13, StdDev = 3.510 ns
Min = 663.030 ns, Q1 = 668.841 ns, Median = 672.101 ns, Q3 = 672.706 ns, Max = 677.286 ns
IQR = 3.866 ns, LowerFence = 663.042 ns, UpperFence = 678.504 ns
ConfidenceInterval = [666.943 ns; 675.349 ns] (CI 99.9%), Margin = 4.203 ns (0.63% of Mean)
Skewness = -0.57, Kurtosis = 3.08, MValue = 2

// ** Remained 0 (0.0 %) benchmark(s) to run. Estimated finish 2026-09-03 1:30 (0h 0m from now) **
// ***** BenchmarkRunner: Finish  *****

// * Export *
  BenchmarkDotNet.Artifacts/results/EnumerableBenchmark-report.csv
  BenchmarkDotNet.Artifacts/results/EnumerableBenchmark-report-github.md
  BenchmarkDotNet.Artifacts/results/EnumerableBenchmark-report.html

// * Detailed results *
EnumerableBenchmark.AnyThenToList: DefaultJob [Size=1]
Runtime = .NET 10.0.3 (10.0.3, 10.0.326.7603), X64 RyuJIT x86-64-v3; GC = Concurrent Workstation
Mean = 57.808 ns, StdErr = 0.090 ns (0.16%), N = 15, StdDev = 0.350 ns
Min = 57.252 ns, Q1 = 57.586 ns, Median = 57.776 ns, Q3 = 58.109 ns, Max = 58.473 ns
IQR = 0.523 ns, LowerFence = 56.802 ns, UpperFence = 58.893 ns
ConfidenceInterval = [57.433 ns; 58.182 ns] (CI 99.9%), Margin = 0.374 ns (0.65% of Mean)
Skewness = 0.1, Kurtosis = 1.95, MValue = 2
-------------------- Histogram --------------------
[57.122 ns ; 58.660 ns) | @@@@@@@@@@@@@@@
---------------------------------------------------

EnumerableBenchmark.ToListThenCount: DefaultJob [Size=1]
Runtime = .NET 10.0.3 (10.0.3, 10.0.326.7603), X64 RyuJIT x86-64-v3; GC = Concurrent Workstation
Mean = 49.285 ns, StdErr = 0.042 ns (0.09%), N = 14, StdDev = 0.158 ns
Min = 49.053 ns, Q1 = 49.154 ns, Median = 49.274 ns, Q3 = 49.395 ns, Max = 49.545 ns
IQR = 0.241 ns, LowerFence = 48.792 ns, UpperFence = 49.757 ns
ConfidenceInterval = [49.107 ns; 49.463 ns] (CI 99.9%), Margin = 0.178 ns (0.36% of Mean)
Skewness = 0.12, Kurtosis = 1.66, MValue = 2
-------------------- Histogram --------------------
[48.967 ns ; 49.631 ns) | @@@@@@@@@@@@@@
---------------------------------------------------

EnumerableBenchmark.AnyThenToList: DefaultJob [Size=10]
Runtime = .NET 10.0.3 (10.0.3, 10.0.326.7603), X64 RyuJIT x86-64-v3; GC = Concurrent Workstation
Mean = 159.135 ns, StdErr = 0.222 ns (0.14%), N = 13, StdDev = 0.801 ns
Min = 157.502 ns, Q1 = 158.823 ns, Median = 159.254 ns, Q3 = 159.530 ns, Max = 160.555 ns
IQR = 0.708 ns, LowerFence = 157.761 ns, UpperFence = 160.592 ns
ConfidenceInterval = [158.177 ns; 160.094 ns] (CI 99.9%), Margin = 0.959 ns (0.60% of Mean)
Skewness = -0.13, Kurtosis = 2.52, MValue = 2
-------------------- Histogram --------------------
[157.055 ns ; 160.819 ns) | @@@@@@@@@@@@@
---------------------------------------------------

EnumerableBenchmark.ToListThenCount: DefaultJob [Size=10]
Runtime = .NET 10.0.3 (10.0.3, 10.0.326.7603), X64 RyuJIT x86-64-v3; GC = Concurrent Workstation
Mean = 146.383 ns, StdErr = 0.123 ns (0.08%), N = 15, StdDev = 0.475 ns
Min = 145.612 ns, Q1 = 146.027 ns, Median = 146.493 ns, Q3 = 146.672 ns, Max = 147.128 ns
IQR = 0.645 ns, LowerFence = 145.060 ns, UpperFence = 147.638 ns
ConfidenceInterval = [145.875 ns; 146.890 ns] (CI 99.9%), Margin = 0.508 ns (0.35% of Mean)
Skewness = -0.13, Kurtosis = 1.67, MValue = 2
-------------------- Histogram --------------------
[145.359 ns ; 147.381 ns) | @@@@@@@@@@@@@@@
---------------------------------------------------

EnumerableBenchmark.AnyThenToList: DefaultJob [Size=100]
Runtime = .NET 10.0.3 (10.0.3, 10.0.326.7603), X64 RyuJIT x86-64-v3; GC = Concurrent Workstation
Mean = 676.396 ns, StdErr = 1.118 ns (0.17%), N = 15, StdDev = 4.330 ns
Min = 670.120 ns, Q1 = 671.709 ns, Median = 677.712 ns, Q3 = 679.634 ns, Max = 682.418 ns
IQR = 7.925 ns, LowerFence = 659.822 ns, UpperFence = 691.521 ns
ConfidenceInterval = [671.766 ns; 681.025 ns] (CI 99.9%), Margin = 4.629 ns (0.68% of Mean)
Skewness = -0.19, Kurtosis = 1.36, MValue = 2
-------------------- Histogram --------------------
[667.815 ns ; 684.722 ns) | @@@@@@@@@@@@@@@
---------------------------------------------------

EnumerableBenchmark.ToListThenCount: DefaultJob [Size=100]
Runtime = .NET 10.0.3 (10.0.3, 10.0.326.7603), X64 RyuJIT x86-64-v3; GC = Concurrent Workstation
Mean = 671.146 ns, StdErr = 0.973 ns (0.15%), N = 13, StdDev = 3.510 ns
Min = 663.030 ns, Q1 = 668.841 ns, Median = 672.101 ns, Q3 = 672.706 ns, Max = 677.286 ns
IQR = 3.866 ns, LowerFence = 663.042 ns, UpperFence = 678.504 ns
ConfidenceInterval = [666.943 ns; 675.349 ns] (CI 99.9%), Margin = 4.203 ns (0.63% of Mean)
Skewness = -0.57, Kurtosis = 3.08, MValue = 2
-------------------- Histogram --------------------
[661.071 ns ; 679.246 ns) | @@@@@@@@@@@@@
---------------------------------------------------

// * Summary *

BenchmarkDotNet v0.15.8, Linux Ubuntu 24.04.4 LTS (Noble Numbat)
Intel Xeon Processor 2.30GHz, 1 CPU, 4 logical and 4 physical cores
.NET SDK 10.0.103
  [Host]     : .NET 10.0.3 (10.0.3, 10.0.326.7603), X64 RyuJIT x86-64-v3
  DefaultJob : .NET 10.0.3 (10.0.3, 10.0.326.7603), X64 RyuJIT x86-64-v3


| Method          | Size | Mean      | Error    | StdDev   | Ratio |
|---------------- |----- |----------:|---------:|---------:|------:|
| AnyThenToList   | 1    |  57.81 ns | 0.374 ns | 0.350 ns |  1.00 |
| ToListThenCount | 1    |  49.28 ns | 0.178 ns | 0.158 ns |  0.85 |
|                 |      |           |          |          |       |
| AnyThenToList   | 10   | 159.14 ns | 0.959 ns | 0.801 ns |  1.00 |
| ToListThenCount | 10   | 146.38 ns | 0.508 ns | 0.475 ns |  0.92 |
|                 |      |           |          |          |       |
| AnyThenToList   | 100  | 676.40 ns | 4.629 ns | 4.330 ns |  1.00 |
| ToListThenCount | 100  | 671.15 ns | 4.203 ns | 3.510 ns |  0.99 |

// * Hints *
Outliers
  EnumerableBenchmark.ToListThenCount: Default -> 1 outlier  was  removed (54.86 ns)
  EnumerableBenchmark.AnyThenToList: Default   -> 4 outliers were removed (198.25 ns..252.52 ns)
  EnumerableBenchmark.ToListThenCount: Default -> 2 outliers were removed, 3 outliers were detected (671.47 ns, 688.54 ns, 690.90 ns)

// * Legends *
  Size   : Value of the 'Size' parameter
  Mean   : Arithmetic mean of all measurements
  Error  : Half of 99.9% confidence interval
  StdDev : Standard deviation of all measurements
  Ratio  : Mean of the ratio distribution ([Current]/[Baseline])
  1 ns   : 1 Nanosecond (0.000000001 sec)

// ***** BenchmarkRunner: End *****
Run time: 00:02:00 (120.98 sec), executed benchmarks: 6

Global total time: 00:02:16 (136.13 sec), executed benchmarks: 6
// * Artifacts cleanup *
Artifacts cleanup is finished
